epoch : 0.07874015748031496/1, loss : 6.578888893127441, elapsed : 0:00:40.800445
epoch : 0.15748031496062992/1, loss : 3.4809086322784424, elapsed : 0:00:18.185683
epoch : 0.23622047244094488/1, loss : 3.988832712173462, elapsed : 0:00:18.620734
epoch : 0.31496062992125984/1, loss : 3.3742330074310303, elapsed : 0:00:17.371763
epoch : 0.3937007874015748/1, loss : 3.2896628379821777, elapsed : 0:00:17.070768
epoch : 0.47244094488188976/1, loss : 3.1374454498291016, elapsed : 0:00:17.893757
epoch : 0.5511811023622047/1, loss : 3.129817008972168, elapsed : 0:00:17.221766
epoch : 0.6299212598425197/1, loss : 3.0654077529907227, elapsed : 0:00:17.953757
epoch : 0.7086614173228346/1, loss : 2.824716091156006, elapsed : 0:00:17.127768
epoch : 0.7874015748031497/1, loss : 2.9621505737304688, elapsed : 0:00:16.999769
epoch : 0.8661417322834646/1, loss : 2.9684653282165527, elapsed : 0:00:17.769758
epoch : 0.9448818897637795/1, loss : 2.9970450401306152, elapsed : 0:00:17.344715
epoch : 1, elapsed : 0:04:02.558706, eval_result : 0.1288888888888889
epoch : 0.03937007874015748/1, loss : 4.54548454284668, elapsed : 0:00:39.465462
epoch : 0.07874015748031496/1, loss : 3.5442049503326416, elapsed : 0:00:14.384806
epoch : 0.11811023622047244/1, loss : 3.4193661212921143, elapsed : 0:00:16.092780
epoch : 0.15748031496062992/1, loss : 3.7311739921569824, elapsed : 0:00:14.735765
epoch : 0.1968503937007874/1, loss : 3.5694994926452637, elapsed : 0:00:14.226807
epoch : 0.23622047244094488/1, loss : 3.408461332321167, elapsed : 0:00:15.647771
epoch : 0.2755905511811024/1, loss : 3.466543436050415, elapsed : 0:00:15.247792
epoch : 0.31496062992125984/1, loss : 3.3642406463623047, elapsed : 0:00:14.803798
epoch : 0.3543307086614173/1, loss : 3.3717660903930664, elapsed : 0:00:16.208809
epoch : 0.3937007874015748/1, loss : 3.213249444961548, elapsed : 0:00:15.159752
epoch : 0.4330708661417323/1, loss : 3.155938148498535, elapsed : 0:00:14.651801
epoch : 0.47244094488188976/1, loss : 3.215674877166748, elapsed : 0:00:14.362804
epoch : 0.5118110236220472/1, loss : 3.2639904022216797, elapsed : 0:00:15.024796
epoch : 0.5511811023622047/1, loss : 3.1248087882995605, elapsed : 0:00:16.014782
epoch : 0.5905511811023622/1, loss : 3.2364988327026367, elapsed : 0:00:14.328807
epoch : 0.6299212598425197/1, loss : 3.143702268600464, elapsed : 0:00:16.327778
epoch : 0.6692913385826772/1, loss : 2.9838716983795166, elapsed : 0:00:15.507789
epoch : 0.7086614173228346/1, loss : 3.2284271717071533, elapsed : 0:00:15.337791
epoch : 0.7480314960629921/1, loss : 3.26306414604187, elapsed : 0:00:15.463790
epoch : 0.7874015748031497/1, loss : 3.2432146072387695, elapsed : 0:00:15.564789
epoch : 0.8267716535433071/1, loss : 3.1925108432769775, elapsed : 0:00:15.040796
epoch : 0.8661417322834646/1, loss : 2.8734142780303955, elapsed : 0:00:15.128794
epoch : 0.905511811023622/1, loss : 2.9518799781799316, elapsed : 0:00:15.445790
epoch : 0.9448818897637795/1, loss : 3.2541370391845703, elapsed : 0:00:15.634787
epoch : 0.984251968503937/1, loss : 2.8020901679992676, elapsed : 0:00:14.882813
epoch : 1, elapsed : 0:06:47.810474, eval_result : 0.10666666666666667
